// Jest Snapshot v1, https://goo.gl/fbAQLP

exports[`<Back /> renders the UI as expected 1`] = `
<section
  className="goBack"
>
  <span
    className="back_button"
    onClick={[Function]}
  >
    <i
      className="fas fa-chevron-left"
    />
  </span>
</section>
`;
