// Jest Snapshot v1, https://goo.gl/fbAQLP

exports[`<Button /> renders the UI as expected 1`] = `
<button
  className="Button"
/>
`;
