// Jest Snapshot v1, https://goo.gl/fbAQLP

exports[`<Error /> renders the UI as expected 1`] = `null`;
